/home/ma-user/anaconda3/envs/PyTorch-2.6.0/lib/python3.11/site-packages/torch_npu/utils/collect_env.py:58: UserWarning: Warning: The /usr/local/Ascend/cann-8.5.0 owner does not match the current owner.
  warnings.warn(f"Warning: The {path} owner does not match the current owner.")
/home/ma-user/anaconda3/envs/PyTorch-2.6.0/lib/python3.11/site-packages/torch_npu/utils/collect_env.py:58: UserWarning: Warning: The /usr/local/Ascend/cann-8.5.0/aarch64-linux/ascend_ops_install.info owner does not match the current owner.
  warnings.warn(f"Warning: The {path} owner does not match the current owner.")
/home/ma-user/anaconda3/envs/PyTorch-2.6.0/lib/python3.11/site-packages/torch_npu/utils/collect_env.py:58: UserWarning: Warning: The /usr/local/Ascend/cann-8.5.0 owner does not match the current owner.
  warnings.warn(f"Warning: The {path} owner does not match the current owner.")
/home/ma-user/anaconda3/envs/PyTorch-2.6.0/lib/python3.11/site-packages/torch_npu/utils/collect_env.py:58: UserWarning: Warning: The /usr/local/Ascend/cann-8.5.0/aarch64-linux/ascend_ops_install.info owner does not match the current owner.
  warnings.warn(f"Warning: The {path} owner does not match the current owner.")
Warning: The current version of the file storing weights is old, and it is relanded due to internal bug of torch and compatibility issue. We will deprecate the loading support for this type of file in the future, please use newer torch to re-store the weight file.
/home/ma-user/work/ljs/scripts/diagnostics/visualize_covar_reliability_temperature.py:150: UserWarning: Cannot create tensor with interal format while allow_internel_format=False, tensor will be created with base format. (Triggered internally at build/CMakeFiles/torch_npu.dir/compiler_depend.ts:338.)
  return torch.full_like(like, value)
Wrote summary CSV: runs/diagnostics/aaai_h2/h2_visual_examples_summary.csv
Wrote summary JSON: runs/diagnostics/aaai_h2/h2_visual_examples_summary.json
{
  "rank": 1,
  "index": 263,
  "name": "2007_008260",
  "image_path": "/home/ma-user/work/ljs/dataset/VOCAug/JPEGImages/2007_008260.jpg",
  "figure": "runs/diagnostics/aaai_h2/h2_rank01_2007_008260.png",
  "score": 1.7753740657386883,
  "teacher_wrong_rate": 0.7985910150111093,
  "r_mean": 0.17858736217021942,
  "r_p95": 1.2231330335140207,
  "r_max": 5.431492805480957,
  "t_mean": 0.5184192061424255,
  "t_p95": 0.5897494614124298,
  "t_max": 3.0
}
{
  "rank": 2,
  "index": 280,
  "name": "2007_008964",
  "image_path": "/home/ma-user/work/ljs/dataset/VOCAug/JPEGImages/2007_008964.jpg",
  "figure": "runs/diagnostics/aaai_h2/h2_rank02_2007_008964.png",
  "score": 1.6880489655052124,
  "teacher_wrong_rate": 0.49032757773831565,
  "r_mean": 0.3368760049343109,
  "r_p95": 2.4426963567733737,
  "r_max": 5.3482770919799805,
  "t_mean": 0.5579378008842468,
  "t_p95": 0.6201491862535475,
  "t_max": 3.0
}
{
  "rank": 3,
  "index": 165,
  "name": "2007_005149",
  "image_path": "/home/ma-user/work/ljs/dataset/VOCAug/JPEGImages/2007_005149.jpg",
  "figure": "runs/diagnostics/aaai_h2/h2_rank03_2007_005149.png",
  "score": 1.2769308014307066,
  "teacher_wrong_rate": 0.29165315641134365,
  "r_mean": 0.7431458234786987,
  "r_p95": 3.3782512664794915,
  "r_max": 5.345299243927002,
  "t_mean": 0.704356849193573,
  "t_p95": 2.627497720718375,
  "t_max": 3.0
}
{
  "rank": 4,
  "index": 136,
  "name": "2007_004112",
  "image_path": "/home/ma-user/work/ljs/dataset/VOCAug/JPEGImages/2007_004112.jpg",
  "figure": "runs/diagnostics/aaai_h2/h2_rank04_2007_004112.png",
  "score": 0.9885536462666268,
  "teacher_wrong_rate": 0.3065716022149192,
  "r_mean": 0.29889169335365295,
  "r_p95": 2.224544084072113,
  "r_max": 5.255560874938965,
  "t_mean": 0.5802408456802368,
  "t_p95": 0.6067168027162552,
  "t_max": 3.0
}
{
  "rank": 5,
  "index": 76,
  "name": "2007_002426",
  "image_path": "/home/ma-user/work/ljs/dataset/VOCAug/JPEGImages/2007_002426.jpg",
  "figure": "runs/diagnostics/aaai_h2/h2_rank05_2007_002426.png",
  "score": 0.9089796019434451,
  "teacher_wrong_rate": 0.3657243106426859,
  "r_mean": 0.1669316291809082,
  "r_p95": 1.4854229688644403,
  "r_max": 4.683596611022949,
  "t_mean": 0.588938295841217,
  "t_p95": 0.6721280097961424,
  "t_max": 3.0
}
{
  "rank": 6,
  "index": 103,
  "name": "2007_003134",
  "image_path": "/home/ma-user/work/ljs/dataset/VOCAug/JPEGImages/2007_003134.jpg",
  "figure": "runs/diagnostics/aaai_h2/h2_rank06_2007_003134.png",
  "score": 0.8413306807449965,
  "teacher_wrong_rate": 0.2770341906876212,
  "r_mean": 0.24822327494621277,
  "r_p95": 2.0369200229644795,
  "r_max": 5.4034199714660645,
  "t_mean": 0.5463067889213562,
  "t_p95": 0.6339776873588563,
  "t_max": 3.0
}
